[2026-09-22 18:23:54] [INFO] [BDS33_CLI:62] - === BDS-33 Capstone End-to-End Pipeline Started ===
[2026-09-22 18:23:54] [INFO] [SmartMeterSimulator:155] - Generating synthetic fleet with 120 meters across 120 days...
[2026-09-22 18:23:55] [INFO] [SmartMeterSimulator:247] - Generated 345,600 smart meter interval records for 120 meters.
[2026-09-22 18:23:55] [INFO] [BDS33_CLI:40] - Saved synthetic fleet datasets to C:\Srinith_Samala\New folder\data\synthetic
[2026-09-22 18:23:55] [INFO] [FeaturePipeline:36] - Step 1/4: Flagging grid blackouts vs localized meter zero readings...
[2026-09-22 18:23:55] [INFO] [OutageHandler:38] - Disambiguated grid outages: identified 0 distinct blackout intervals across feeders.
[2026-09-22 18:23:55] [INFO] [FeaturePipeline:39] - Step 2/4: Computing feeder energy mass-balance residuals...
[2026-09-22 18:23:55] [INFO] [FeederBalancer:54] - Computed feeder-level energy balance and unmetered loss differentials.
[2026-09-22 18:23:55] [INFO] [FeaturePipeline:52] - Step 3/4: Estimating personalized temporal baselines and residual signals...
[2026-09-22 18:23:55] [INFO] [PersonalizedTemporalBaseline:61] - Computing personalized temporal baselines across all meters...
[2026-09-22 18:23:57] [INFO] [PersonalizedTemporalBaseline:92] - Personalized baseline residuals calculated successfully.
[2026-09-22 18:23:57] [INFO] [FeaturePipeline:55] - Step 4/4: Extracting comprehensive tabular features per meter...
[2026-09-22 18:23:57] [INFO] [StatisticalFeatureExtractor:149] - Extracting statistical and shape features for 120 meters...
[2026-09-22 18:23:58] [INFO] [StatisticalFeatureExtractor:156] - Engineered feature table generated with shape: (120, 27)
[2026-09-22 18:23:58] [INFO] [FeaturePipeline:58] - Feature pipeline completed successfully.
[2026-09-22 18:23:58] [INFO] [BDS33_CLI:87] - Splits -> Train: 72, Val: 24, Test: 24
[2026-09-22 18:23:58] [INFO] [AnomalyBaselines:32] - Isolation Forest baseline trained successfully.
[2026-09-22 18:24:03] [INFO] [AnomalyBaselines:112] - PyTorch Deep Autoencoder baseline trained across 25 epochs.
[2026-09-22 18:24:03] [INFO] [TamperClassifier:35] - Fitting supervised LightGBM Classifier...
[2026-09-22 18:24:06] [INFO] [TamperClassifier:59] - Supervised tamper classifier training complete.
[2026-09-22 18:24:06] [INFO] [ProbabilityCalibrator:26] - Calibrating probabilities using method='isotonic'...
[2026-09-22 18:24:06] [INFO] [ProbabilityCalibrator:36] - Probability calibration complete.
[2026-09-22 18:24:56] [INFO] [BDS33_CLI:62] - === BDS-33 Capstone End-to-End Pipeline Started ===
[2026-09-22 18:24:56] [INFO] [BDS33_CLI:49] - Loading existing synthetic data from disk...
[2026-09-22 18:24:57] [INFO] [FeaturePipeline:36] - Step 1/4: Flagging grid blackouts vs localized meter zero readings...
[2026-09-22 18:24:57] [INFO] [OutageHandler:38] - Disambiguated grid outages: identified 0 distinct blackout intervals across feeders.
[2026-09-22 18:24:57] [INFO] [FeaturePipeline:39] - Step 2/4: Computing feeder energy mass-balance residuals...
[2026-09-22 18:24:57] [INFO] [FeederBalancer:54] - Computed feeder-level energy balance and unmetered loss differentials.
[2026-09-22 18:24:57] [INFO] [FeaturePipeline:52] - Step 3/4: Estimating personalized temporal baselines and residual signals...
[2026-09-22 18:24:57] [INFO] [PersonalizedTemporalBaseline:61] - Computing personalized temporal baselines across all meters...
[2026-09-22 18:24:59] [INFO] [PersonalizedTemporalBaseline:92] - Personalized baseline residuals calculated successfully.
[2026-09-22 18:24:59] [INFO] [FeaturePipeline:55] - Step 4/4: Extracting comprehensive tabular features per meter...
[2026-09-22 18:24:59] [INFO] [StatisticalFeatureExtractor:149] - Extracting statistical and shape features for 120 meters...
[2026-09-22 18:25:00] [INFO] [StatisticalFeatureExtractor:156] - Engineered feature table generated with shape: (120, 27)
[2026-09-22 18:25:00] [INFO] [FeaturePipeline:58] - Feature pipeline completed successfully.
[2026-09-22 18:25:00] [INFO] [BDS33_CLI:87] - Splits -> Train: 72, Val: 24, Test: 24
[2026-09-22 18:25:01] [INFO] [AnomalyBaselines:32] - Isolation Forest baseline trained successfully.
[2026-09-22 18:25:04] [INFO] [AnomalyBaselines:112] - PyTorch Deep Autoencoder baseline trained across 25 epochs.
[2026-09-22 18:25:04] [INFO] [TamperClassifier:35] - Fitting supervised LightGBM Classifier...
[2026-09-22 18:25:06] [INFO] [TamperClassifier:59] - Supervised tamper classifier training complete.
[2026-09-22 18:25:06] [INFO] [ProbabilityCalibrator:26] - Calibrating probabilities using method='isotonic'...
[2026-09-22 18:25:06] [INFO] [ProbabilityCalibrator:36] - Probability calibration complete.
[2026-09-22 18:26:37] [INFO] [BDS33_CLI:62] - === BDS-33 Capstone End-to-End Pipeline Started ===
[2026-09-22 18:26:37] [INFO] [BDS33_CLI:49] - Loading existing synthetic data from disk...
[2026-09-22 18:26:37] [INFO] [FeaturePipeline:36] - Step 1/4: Flagging grid blackouts vs localized meter zero readings...
[2026-09-22 18:26:37] [INFO] [OutageHandler:38] - Disambiguated grid outages: identified 0 distinct blackout intervals across feeders.
[2026-09-22 18:26:37] [INFO] [FeaturePipeline:39] - Step 2/4: Computing feeder energy mass-balance residuals...
[2026-09-22 18:26:37] [INFO] [FeederBalancer:54] - Computed feeder-level energy balance and unmetered loss differentials.
[2026-09-22 18:26:37] [INFO] [FeaturePipeline:52] - Step 3/4: Estimating personalized temporal baselines and residual signals...
[2026-09-22 18:26:37] [INFO] [PersonalizedTemporalBaseline:61] - Computing personalized temporal baselines across all meters...
[2026-09-22 18:26:39] [INFO] [PersonalizedTemporalBaseline:92] - Personalized baseline residuals calculated successfully.
[2026-09-22 18:26:39] [INFO] [FeaturePipeline:55] - Step 4/4: Extracting comprehensive tabular features per meter...
[2026-09-22 18:26:39] [INFO] [StatisticalFeatureExtractor:149] - Extracting statistical and shape features for 120 meters...
[2026-09-22 18:26:40] [INFO] [StatisticalFeatureExtractor:156] - Engineered feature table generated with shape: (120, 27)
[2026-09-22 18:26:40] [INFO] [FeaturePipeline:58] - Feature pipeline completed successfully.
[2026-09-22 18:26:41] [INFO] [BDS33_CLI:87] - Splits -> Train: 72, Val: 24, Test: 24
[2026-09-22 18:26:41] [INFO] [AnomalyBaselines:32] - Isolation Forest baseline trained successfully.
[2026-09-22 18:26:44] [INFO] [AnomalyBaselines:112] - PyTorch Deep Autoencoder baseline trained across 25 epochs.
[2026-09-22 18:26:44] [INFO] [TamperClassifier:35] - Fitting supervised LightGBM Classifier...
[2026-09-22 18:26:45] [INFO] [TamperClassifier:59] - Supervised tamper classifier training complete.
[2026-09-22 18:26:45] [INFO] [ProbabilityCalibrator:26] - Calibrating probabilities using method='isotonic'...
[2026-09-22 18:26:45] [INFO] [ProbabilityCalibrator:36] - Probability calibration complete.
[2026-09-22 18:26:46] [WARNING] [TamperExplainer:34] - SHAP TreeExplainer init note: index 1 is out of bounds for axis 0 with size 1. Using surrogate attribution.
[2026-09-22 18:26:46] [INFO] [DriftMonitor:83] - Drift monitoring completed. Overall status: ALERT_RETRAIN (High drift in: ['mean_consumption', 'std_consumption', 'median_consumption', 'iqr_consumption', 'skewness', 'kurtosis', 'max_consumption', 'min_consumption'])
[2026-09-22 18:26:46] [INFO] [BDS33_CLI:176] - === Pipeline Run Finished Successfully ===
[2026-09-22 18:26:46] [INFO] [BDS33_CLI:177] - Isolation Forest PR-AUC: 0.6298 | Recall@10%: 0.50
[2026-09-22 18:26:46] [INFO] [BDS33_CLI:178] - Autoencoder PR-AUC:      0.4625 | Recall@10%: 0.25
[2026-09-22 18:26:46] [INFO] [BDS33_CLI:179] - Calibrated Model PR-AUC: 0.7619 | Recall@10%: 0.50
[2026-09-22 18:26:46] [INFO] [BDS33_CLI:180] - Max Net Projected Savings: ₹154,164.26
[2026-09-22 18:30:05] [INFO] [SmartMeterSimulator:155] - Generating synthetic fleet with 10 meters across 7 days...
[2026-09-22 18:30:05] [INFO] [SmartMeterSimulator:247] - Generated 1,680 smart meter interval records for 10 meters.
[2026-09-22 18:30:05] [INFO] [OutageHandler:38] - Disambiguated grid outages: identified 1 distinct blackout intervals across feeders.
[2026-09-22 18:30:05] [INFO] [FeederBalancer:54] - Computed feeder-level energy balance and unmetered loss differentials.
[2026-09-22 18:30:06] [INFO] [AnomalyBaselines:32] - Isolation Forest baseline trained successfully.
[2026-09-22 18:30:08] [INFO] [AnomalyBaselines:112] - PyTorch Deep Autoencoder baseline trained across 5 epochs.
[2026-09-22 18:30:08] [INFO] [TamperClassifier:35] - Fitting supervised LightGBM Classifier...
[2026-09-22 18:30:10] [INFO] [TamperClassifier:59] - Supervised tamper classifier training complete.
[2026-09-22 18:30:10] [INFO] [ProbabilityCalibrator:26] - Calibrating probabilities using method='isotonic'...
[2026-09-22 18:30:10] [INFO] [ProbabilityCalibrator:36] - Probability calibration complete.
[2026-09-22 18:32:01] [INFO] [SmartMeterSimulator:155] - Generating synthetic fleet with 10 meters across 7 days...
[2026-09-22 18:32:01] [INFO] [SmartMeterSimulator:247] - Generated 1,680 smart meter interval records for 10 meters.
[2026-09-22 18:32:01] [INFO] [OutageHandler:38] - Disambiguated grid outages: identified 1 distinct blackout intervals across feeders.
[2026-09-22 18:32:01] [INFO] [FeederBalancer:54] - Computed feeder-level energy balance and unmetered loss differentials.
[2026-09-22 18:32:01] [INFO] [PersonalizedTemporalBaseline:61] - Computing personalized temporal baselines across all meters...
[2026-09-22 18:32:01] [INFO] [PersonalizedTemporalBaseline:92] - Personalized baseline residuals calculated successfully.
[2026-09-22 18:32:01] [INFO] [AnomalyBaselines:32] - Isolation Forest baseline trained successfully.
[2026-09-22 18:32:04] [INFO] [AnomalyBaselines:112] - PyTorch Deep Autoencoder baseline trained across 5 epochs.
[2026-09-22 18:32:04] [INFO] [TamperClassifier:35] - Fitting supervised LightGBM Classifier...
[2026-09-22 18:32:06] [INFO] [TamperClassifier:59] - Supervised tamper classifier training complete.
[2026-09-22 18:32:06] [INFO] [ProbabilityCalibrator:26] - Calibrating probabilities using method='isotonic'...
[2026-09-22 18:32:06] [INFO] [ProbabilityCalibrator:36] - Probability calibration complete.
[2026-09-22 18:47:29] [INFO] [SmartMeterSimulator:155] - Generating synthetic fleet with 10 meters across 7 days...
[2026-09-22 18:47:29] [INFO] [SmartMeterSimulator:247] - Generated 1,680 smart meter interval records for 10 meters.
[2026-09-22 18:47:29] [INFO] [OutageHandler:38] - Disambiguated grid outages: identified 1 distinct blackout intervals across feeders.
[2026-09-22 18:47:29] [INFO] [FeederBalancer:54] - Computed feeder-level energy balance and unmetered loss differentials.
[2026-09-22 18:47:29] [INFO] [PersonalizedTemporalBaseline:61] - Computing personalized temporal baselines across all meters...
[2026-09-22 18:47:29] [INFO] [PersonalizedTemporalBaseline:92] - Personalized baseline residuals calculated successfully.
[2026-09-22 18:47:30] [INFO] [AnomalyBaselines:32] - Isolation Forest baseline trained successfully.
[2026-09-22 18:47:33] [INFO] [AnomalyBaselines:112] - PyTorch Deep Autoencoder baseline trained across 5 epochs.
[2026-09-22 18:47:33] [INFO] [TamperClassifier:35] - Fitting supervised LightGBM Classifier...
[2026-09-22 18:47:35] [INFO] [TamperClassifier:59] - Supervised tamper classifier training complete.
[2026-09-22 18:47:35] [INFO] [ProbabilityCalibrator:26] - Calibrating probabilities using method='isotonic'...
[2026-09-22 18:47:35] [INFO] [ProbabilityCalibrator:36] - Probability calibration complete.
[2026-09-22 19:05:44] [INFO] [TamperExplainer:32] - SHAP TreeExplainer initialized successfully.
[2026-09-22 19:05:58] [INFO] [TamperExplainer:32] - SHAP TreeExplainer initialized successfully.
[2026-09-22 19:06:02] [INFO] [TamperExplainer:32] - SHAP TreeExplainer initialized successfully.
[2026-09-22 19:06:11] [INFO] [TamperExplainer:32] - SHAP TreeExplainer initialized successfully.
[2026-09-26 23:51:24] [INFO] [SmartMeterSimulator:155] - Generating synthetic fleet with 10 meters across 7 days...
[2026-09-26 23:51:24] [INFO] [SmartMeterSimulator:247] - Generated 1,680 smart meter interval records for 10 meters.
[2026-09-26 23:51:24] [INFO] [OutageHandler:38] - Disambiguated grid outages: identified 1 distinct blackout intervals across feeders.
[2026-09-26 23:51:24] [INFO] [FeederBalancer:54] - Computed feeder-level energy balance and unmetered loss differentials.
[2026-09-26 23:51:24] [INFO] [PersonalizedTemporalBaseline:61] - Computing personalized temporal baselines across all meters...
[2026-09-26 23:51:24] [INFO] [PersonalizedTemporalBaseline:92] - Personalized baseline residuals calculated successfully.
[2026-09-26 23:51:24] [INFO] [AnomalyBaselines:32] - Isolation Forest baseline trained successfully.
[2026-09-26 23:51:34] [INFO] [AnomalyBaselines:112] - PyTorch Deep Autoencoder baseline trained across 5 epochs.
[2026-09-26 23:51:34] [INFO] [TamperClassifier:35] - Fitting supervised LightGBM Classifier...
[2026-09-26 23:51:37] [INFO] [TamperClassifier:59] - Supervised tamper classifier training complete.
[2026-09-26 23:51:37] [INFO] [ProbabilityCalibrator:26] - Calibrating probabilities using method='isotonic'...
[2026-09-26 23:51:37] [INFO] [ProbabilityCalibrator:36] - Probability calibration complete.
[2026-09-27 00:19:18] [INFO] [TamperExplainer:32] - SHAP TreeExplainer initialized successfully.
[2026-09-27 00:21:10] [INFO] [TamperExplainer:32] - SHAP TreeExplainer initialized successfully.
[2026-09-27 00:21:13] [INFO] [TamperExplainer:32] - SHAP TreeExplainer initialized successfully.
[2026-09-27 00:21:14] [INFO] [TamperExplainer:32] - SHAP TreeExplainer initialized successfully.
